<html>
<body>
<pre>
<h1>µVision Build Log</h1>
<h2>Tool Versions:</h2>
IDE-Version: ¦ÌVision V5.29.0.0
Copyright (C) 2019 ARM Ltd and ARM Germany GmbH. All rights reserved.
License Information: ice xiong, 123, LIC=VGX63-ARXZK-1PYZ5-GBZ16-S34T6-9MMQZ
 
Tool Versions:
Toolchain:       MDK-ARM Plus  Version: 5.29.0.0
Toolchain Path:  D:\rt_thread\Keil_v5\ARM\ARMCC\Bin
C Compiler:      Armcc.exe V5.06 update 6 (build 750)
Assembler:       Armasm.exe V5.06 update 6 (build 750)
Linker/Locator:  ArmLink.exe V5.06 update 6 (build 750)
Library Manager: ArmAr.exe V5.06 update 6 (build 750)
Hex Converter:   FromElf.exe V5.06 update 6 (build 750)
CPU DLL:         SARMCM3.DLL V5.29.0.0
Dialog DLL:      DCM.DLL V1.17.3.0
Target DLL:      Segger\JL2CM3.dll V2.99.36.0
Dialog DLL:      TCM.DLL V1.36.5.0
 
<h2>Project:</h2>
D:\rt_thread\04_GitHub\WarshipV3_PWM\stm32F103ze_pwm.uvprojx
Project File Date:  01/12/2020

<h2>Output:</h2>
*** Using Compiler 'V5.06 update 6 (build 750)', folder: 'D:\rt_thread\Keil_v5\ARM\ARMCC\Bin'
Build target 'pwm'
compiling components.c...
compiling clock.c...
compiling device.c...
compiling idle.c...
compiling irq.c...
compiling ipc.c...
compiling kservice.c...
compiling mem.c...
compiling mempool.c...
compiling object.c...
compiling signal.c...
compiling scheduler.c...
compiling thread.c...
compiling timer.c...
compiling main.c...
bsp\stm32\warshipv3\applications\main.c(46): warning:  #111-D: statement is unreachable
      rt_pwm_disable(pwm_dev, PWM_DEV_CHANNEL);
bsp\stm32\warshipv3\applications\main.c(33): warning:  #177-D: variable "count"  was declared but never referenced
      rt_uint32_t count = 0;
bsp\stm32\warshipv3\applications\main.c: 2 warnings, 0 errors
compiling board.c...
compiling stm32f1xx_hal_msp.c...
compiling drv_gpio.c...
compiling drv_usart.c...
compiling drv_hwtimer.c...
compiling backtrace.c...
compiling div0.c...
compiling showmem.c...
compiling cpuport.c...
compiling hwtimer.c...
compiling pin.c...
compiling drv_pwm.c...
compiling rt_drv_pwm.c...
compiling serial.c...
compiling completion.c...
compiling drv_common.c...
compiling dataqueue.c...
compiling pipe.c...
compiling ringblk_buf.c...
compiling ringbuffer.c...
compiling waitqueue.c...
compiling workqueue.c...
compiling shell.c...
compiling cmd.c...
compiling msh.c...
compiling time.c...
compiling system_stm32f1xx.c...
compiling stm32f1xx_hal_cortex.c...
compiling stm32f1xx_hal_dma.c...
compiling stm32f1xx_hal_crc.c...
compiling stm32f1xx_hal_pwr.c...
compiling stm32f1xx_hal_rcc.c...
compiling stm32f1xx_hal_rcc_ex.c...
compiling stm32f1xx_hal.c...
compiling stm32f1xx_hal_cec.c...
compiling stm32f1xx_hal_sram.c...
compiling stm32f1xx_hal_gpio.c...
compiling stm32f1xx_hal_gpio_ex.c...
compiling stm32f1xx_hal_uart.c...
compiling stm32f1xx_hal_usart.c...
compiling stm32f1xx_hal_tim.c...
compiling stm32f1xx_hal_tim_ex.c...
linking...
Program Size: Code=48918 RO-data=7198 RW-data=900 ZI-data=2948  
FromELF: creating hex file...
".\Objects\stm32F103ze_pwm.axf" - 0 Error(s), 2 Warning(s).

<h2>Software Packages used:</h2>

Package Vendor: Keil
                http://www.keil.com/pack/Keil.STM32F1xx_DFP.2.3.0.pack
                Keil.STM32F1xx_DFP.2.3.0
                STMicroelectronics STM32F1 Series Device Support, Drivers and Examples

<h2>Collection of Component include folders:</h2>
  .\RTE\_pwm
  C:\Users\qiuye\AppData\Local\Arm\Packs\Keil\STM32F1xx_DFP\2.3.0\Device\Include

<h2>Collection of Component Files used:</h2>
Build Time Elapsed:  00:01:06
</pre>
</body>
</html>
